
> my-portfolio@0.1.0 build
> next build

   Γû▓ Next.js 15.1.6

   Creating an optimized production build ...
node.exe : Failed to 
compile.
At line:1 char:1
+ & "C:\Program Files\
nodejs/node.exe" 
"C:\Program 
Files\nodejs/node_mo 
...
+ ~~~~~~~~~~~~~~~~~~~~
~~~~~~~~~~~~~~~~~~~~~~
~~~~~~~~~~~~~~~~~~~~~~
~~~~~
    + CategoryInfo    
          : NotSpeci  
  fied: (Failed to    
 compile.:String)     
[], RemoteExcepti    
on
    + FullyQualifiedE 
   rrorId : NativeCo  
  mmandError
 

app\layout.tsx
An error occurred in 
`next/font`.

Error: Cannot find 
module 'autoprefixer'
Require stack:
- D:\my-portfolio\node
_modules\next\dist\bui
ld\webpack\config\bloc
ks\css\plugins.js
- D:\my-portfolio\node
_modules\next\dist\bui
ld\webpack\config\bloc
ks\css\index.js
- D:\my-portfolio\node
_modules\next\dist\bui
ld\webpack\config\inde
x.js
- D:\my-portfolio\node
_modules\next\dist\bui
ld\webpack-config.js
- D:\my-portfolio\node
_modules\next\dist\bui
ld\webpack-build\impl.
js
- D:\my-portfolio\node
_modules\next\dist\com
piled\jest-worker\proc
essChild.js
    at 
Module.<anonymous> (no
de:internal/modules/cj
s/loader:1448:15)
    at D:\my-portfolio
\node_modules\next\dis
t\server\require-hook.
js:55:36
    at 
require.resolve (node:
internal/modules/helpe
rs:163:19)
    at loadPlugin (D:\
my-portfolio\node_modu
les\next\dist\build\we
bpack\config\blocks\cs
s\plugins.js:49:32)
    at D:\my-portfolio
\node_modules\next\dis
t\build\webpack\config
\blocks\css\plugins.js
:157:56
    at Array.map 
(<anonymous>)
    at 
getPostCssPlugins (D:\
my-portfolio\node_modu
les\next\dist\build\we
bpack\config\blocks\cs
s\plugins.js:157:47)
    at async D:\my-por
tfolio\node_modules\ne
xt\dist\build\webpack\
config\blocks\css\inde
x.js:124:36
    at async D:\my-por
tfolio\node_modules\ne
xt\dist\build\webpack\
loaders\next-font-load
er\index.js:86:33
    at async 
Span.traceAsyncFn (D:\
my-portfolio\node_modu
les\next\dist\trace\tr
ace.js:153:20)


> Build failed 
because of webpack 
errors
